Archive member included to satisfy reference by file (symbol)

/opt/st/stm32cubeide_1.15.0/plugins/com.st.stm32cube.ide.mcu.externaltools.gnu-tools-for-stm32.12.3.rel1.linux64_1.0.100.202403111256/tools/bin/../lib/gcc/arm-none-eabi/12.3.1/../../../../arm-none-eabi/lib/thumb/v7e-m+fp/hard/libc_nano.a(libc_a-exit.o)
                              /opt/st/stm32cubeide_1.15.0/plugins/com.st.stm32cube.ide.mcu.externaltools.gnu-tools-for-stm32.12.3.rel1.linux64_1.0.100.202403111256/tools/bin/../lib/gcc/arm-none-eabi/12.3.1/../../../../arm-none-eabi/lib/thumb/v7e-m+fp/hard/crt0.o (exit)
/opt/st/stm32cubeide_1.15.0/plugins/com.st.stm32cube.ide.mcu.externaltools.gnu-tools-for-stm32.12.3.rel1.linux64_1.0.100.202403111256/tools/bin/../lib/gcc/arm-none-eabi/12.3.1/../../../../arm-none-eabi/lib/thumb/v7e-m+fp/hard/libc_nano.a(libc_a-findfp.o)
                              /opt/st/stm32cubeide_1.15.0/plugins/com.st.stm32cube.ide.mcu.externaltools.gnu-tools-for-stm32.12.3.rel1.linux64_1.0.100.202403111256/tools/bin/../lib/gcc/arm-none-eabi/12.3.1/../../../../arm-none-eabi/lib/thumb/v7e-m+fp/hard/libc_nano.a(libc_a-exit.o) (__stdio_exit_handler)
/opt/st/stm32cubeide_1.15.0/plugins/com.st.stm32cube.ide.mcu.externaltools.gnu-tools-for-stm32.12.3.rel1.linux64_1.0.100.202403111256/tools/bin/../lib/gcc/arm-none-eabi/12.3.1/../../../../arm-none-eabi/lib/thumb/v7e-m+fp/hard/libc_nano.a(libc_a-fwalk.o)
                              /opt/st/stm32cubeide_1.15.0/plugins/com.st.stm32cube.ide.mcu.externaltools.gnu-tools-for-stm32.12.3.rel1.linux64_1.0.100.202403111256/tools/bin/../lib/gcc/arm-none-eabi/12.3.1/../../../../arm-none-eabi/lib/thumb/v7e-m+fp/hard/libc_nano.a(libc_a-findfp.o) (_fwalk_sglue)
/opt/st/stm32cubeide_1.15.0/plugins/com.st.stm32cube.ide.mcu.externaltools.gnu-tools-for-stm32.12.3.rel1.linux64_1.0.100.202403111256/tools/bin/../lib/gcc/arm-none-eabi/12.3.1/../../../../arm-none-eabi/lib/thumb/v7e-m+fp/hard/libc_nano.a(libc_a-stdio.o)
                              /opt/st/stm32cubeide_1.15.0/plugins/com.st.stm32cube.ide.mcu.externaltools.gnu-tools-for-stm32.12.3.rel1.linux64_1.0.100.202403111256/tools/bin/../lib/gcc/arm-none-eabi/12.3.1/../../../../arm-none-eabi/lib/thumb/v7e-m+fp/hard/libc_nano.a(libc_a-findfp.o) (__sread)
/opt/st/stm32cubeide_1.15.0/plugins/com.st.stm32cube.ide.mcu.externaltools.gnu-tools-for-stm32.12.3.rel1.linux64_1.0.100.202403111256/tools/bin/../lib/gcc/arm-none-eabi/12.3.1/../../../../arm-none-eabi/lib/thumb/v7e-m+fp/hard/libc_nano.a(libc_a-memset.o)
                              /opt/st/stm32cubeide_1.15.0/plugins/com.st.stm32cube.ide.mcu.externaltools.gnu-tools-for-stm32.12.3.rel1.linux64_1.0.100.202403111256/tools/bin/../lib/gcc/arm-none-eabi/12.3.1/../../../../arm-none-eabi/lib/thumb/v7e-m+fp/hard/crt0.o (memset)
/opt/st/stm32cubeide_1.15.0/plugins/com.st.stm32cube.ide.mcu.externaltools.gnu-tools-for-stm32.12.3.rel1.linux64_1.0.100.202403111256/tools/bin/../lib/gcc/arm-none-eabi/12.3.1/../../../../arm-none-eabi/lib/thumb/v7e-m+fp/hard/libc_nano.a(libc_a-closer.o)
                              /opt/st/stm32cubeide_1.15.0/plugins/com.st.stm32cube.ide.mcu.externaltools.gnu-tools-for-stm32.12.3.rel1.linux64_1.0.100.202403111256/tools/bin/../lib/gcc/arm-none-eabi/12.3.1/../../../../arm-none-eabi/lib/thumb/v7e-m+fp/hard/libc_nano.a(libc_a-stdio.o) (_close_r)
/opt/st/stm32cubeide_1.15.0/plugins/com.st.stm32cube.ide.mcu.externaltools.gnu-tools-for-stm32.12.3.rel1.linux64_1.0.100.202403111256/tools/bin/../lib/gcc/arm-none-eabi/12.3.1/../../../../arm-none-eabi/lib/thumb/v7e-m+fp/hard/libc_nano.a(libc_a-reent.o)
                              /opt/st/stm32cubeide_1.15.0/plugins/com.st.stm32cube.ide.mcu.externaltools.gnu-tools-for-stm32.12.3.rel1.linux64_1.0.100.202403111256/tools/bin/../lib/gcc/arm-none-eabi/12.3.1/../../../../arm-none-eabi/lib/thumb/v7e-m+fp/hard/libc_nano.a(libc_a-closer.o) (errno)
/opt/st/stm32cubeide_1.15.0/plugins/com.st.stm32cube.ide.mcu.externaltools.gnu-tools-for-stm32.12.3.rel1.linux64_1.0.100.202403111256/tools/bin/../lib/gcc/arm-none-eabi/12.3.1/../../../../arm-none-eabi/lib/thumb/v7e-m+fp/hard/libc_nano.a(libc_a-impure.o)
                              /opt/st/stm32cubeide_1.15.0/plugins/com.st.stm32cube.ide.mcu.externaltools.gnu-tools-for-stm32.12.3.rel1.linux64_1.0.100.202403111256/tools/bin/../lib/gcc/arm-none-eabi/12.3.1/../../../../arm-none-eabi/lib/thumb/v7e-m+fp/hard/libc_nano.a(libc_a-reent.o) (_impure_ptr)
/opt/st/stm32cubeide_1.15.0/plugins/com.st.stm32cube.ide.mcu.externaltools.gnu-tools-for-stm32.12.3.rel1.linux64_1.0.100.202403111256/tools/bin/../lib/gcc/arm-none-eabi/12.3.1/../../../../arm-none-eabi/lib/thumb/v7e-m+fp/hard/libc_nano.a(libc_a-lseekr.o)
                              /opt/st/stm32cubeide_1.15.0/plugins/com.st.stm32cube.ide.mcu.externaltools.gnu-tools-for-stm32.12.3.rel1.linux64_1.0.100.202403111256/tools/bin/../lib/gcc/arm-none-eabi/12.3.1/../../../../arm-none-eabi/lib/thumb/v7e-m+fp/hard/libc_nano.a(libc_a-stdio.o) (_lseek_r)
[...]
Memory Configuration

Name             Origin             Length             Attributes
CCMRAM           0x10000000         0x00010000         xrw
RAM              0x20000000         0x00030000         xrw
FLASH            0x08000000         0x00200000         xr
*default*        0x00000000         0xffffffff

Linker script and memory map

LOAD /opt/st/stm32cubeide_1.15.0/plugins/com.st.stm32cube.ide.mcu.externaltools.gnu-tools-for-stm32.12.3.rel1.linux64_1.0.100.202403111256/tools/bin/../lib/gcc/arm-none-eabi/12.3.1/thumb/v7e-m+fp/hard/crti.o
LOAD /opt/st/stm32cubeide_1.15.0/plugins/com.st.stm32cube.ide.mcu.externaltools.gnu-tools-for-stm32.12.3.rel1.linux64_1.0.100.202403111256/tools/bin/../lib/gcc/arm-none-eabi/12.3.1/thumb/v7e-m+fp/hard/crtbegin.o
LOAD /opt/st/stm32cubeide_1.15.0/plugins/com.st.stm32cube.ide.mcu.externaltools.gnu-tools-for-stm32.12.3.rel1.linux64_1.0.100.202403111256/tools/bin/../lib/gcc/arm-none-eabi/12.3.1/../../../../arm-none-eabi/lib/thumb/v7e-m+fp/hard/crt0.o
LOAD ./Arducam_lib/ArducamCamera.o
LOAD ./Core/Src/Stm32Hal.o
LOAD ./Core/Src/main.o
LOAD ./Core/Src/stm32f4xx_hal_msp.o
LOAD ./Core/Src/stm32f4xx_it.o
LOAD ./Core/Src/syscalls.o
LOAD ./Core/Src/sysmem.o
LOAD ./Core/Src/system_stm32f4xx.o
LOAD ./Core/Startup/startup_stm32f429zitx.o
LOAD ./Drivers/STM32F4xx_HAL_Driver/Src/stm32f4xx_hal.o
LOAD ./Drivers/STM32F4xx_HAL_Driver/Src/stm32f4xx_hal_cortex.o
LOAD ./Drivers/STM32F4xx_HAL_Driver/Src/stm32f4xx_hal_dma.o
LOAD ./Drivers/STM32F4xx_HAL_Driver/Src/stm32f4xx_hal_dma_ex.o
LOAD ./Drivers/STM32F4xx_HAL_Driver/Src/stm32f4xx_hal_exti.o
LOAD ./Drivers/STM32F4xx_HAL_Driver/Src/stm32f4xx_hal_flash.o
LOAD ./Drivers/STM32F4xx_HAL_Driver/Src/stm32f4xx_hal_flash_ex.o
LOAD ./Drivers/STM32F4xx_HAL_Driver/Src/stm32f4xx_hal_flash_ramfunc.o
LOAD ./Drivers/STM32F4xx_HAL_Driver/Src/stm32f4xx_hal_gpio.o
LOAD ./Drivers/STM32F4xx_HAL_Driver/Src/stm32f4xx_hal_pwr.o
LOAD ./Drivers/STM32F4xx_HAL_Driver/Src/stm32f4xx_hal_pwr_ex.o
LOAD ./Drivers/STM32F4xx_HAL_Driver/Src/stm32f4xx_hal_rcc.o
LOAD ./Drivers/STM32F4xx_HAL_Driver/Src/stm32f4xx_hal_rcc_ex.o
LOAD ./Drivers/STM32F4xx_HAL_Driver/Src/stm32f4xx_hal_spi.o
LOAD ./Drivers/STM32F4xx_HAL_Driver/Src/stm32f4xx_hal_tim.o
LOAD ./Drivers/STM32F4xx_HAL_Driver/Src/stm32f4xx_hal_tim_ex.o
LOAD ./Drivers/STM32F4xx_HAL_Driver/Src/stm32f4xx_hal_uart.o
START GROUP
LOAD /opt/st/stm32cubeide_1.15.0/plugins/com.st.stm32cube.ide.mcu.externaltools.gnu-tools-for-stm32.12.3.rel1.linux64_1.0.100.202403111256/tools/bin/../lib/gcc/arm-none-eabi/12.3.1/../../../../arm-none-eabi/lib/thumb/v7e-m+fp/hard/libc_nano.a
LOAD /opt/st/stm32cubeide_1.15.0/plugins/com.st.stm32cube.ide.mcu.externaltools.gnu-tools-for-stm32.12.3.rel1.linux64_1.0.100.202403111256/tools/bin/../lib/gcc/arm-none-eabi/12.3.1/../../../../arm-none-eabi/lib/thumb/v7e-m+fp/hard/libm.a
END GROUP
START GROUP
LOAD /opt/st/stm32cubeide_1.15.0/plugins/com.st.stm32cube.ide.mcu.externaltools.gnu-tools-for-stm32.12.3.rel1.linux64_1.0.100.202403111256/tools/bin/../lib/gcc/arm-none-eabi/12.3.1/thumb/v7e-m+fp/hard/libgcc.a
LOAD /opt/st/stm32cubeide_1.15.0/plugins/com.st.stm32cube.ide.mcu.externaltools.gnu-tools-for-stm32.12.3.rel1.linux64_1.0.100.202403111256/tools/bin/../lib/gcc/arm-none-eabi/12.3.1/../../../../arm-none-eabi/lib/thumb/v7e-m+fp/hard/libc_nano.a
END GROUP
START GROUP
LOAD /opt/st/stm32cubeide_1.15.0/plugins/com.st.stm32cube.ide.mcu.externaltools.gnu-tools-for-stm32.12.3.rel1.linux64_1.0.100.202403111256/tools/bin/../lib/gcc/arm-none-eabi/12.3.1/thumb/v7e-m+fp/hard/libgcc.a
LOAD /opt/st/stm32cubeide_1.15.0/plugins/com.st.stm32cube.ide.mcu.externaltools.gnu-tools-for-stm32.12.3.rel1.linux64_1.0.100.202403111256/tools/bin/../lib/gcc/arm-none-eabi/12.3.1/../../../../arm-none-eabi/lib/thumb/v7e-m+fp/hard/libc_nano.a
LOAD /opt/st/stm32cubeide_1.15.0/plugins/com.st.stm32cube.ide.mcu.externaltools.gnu-tools-for-stm32.12.3.rel1.linux64_1.0.100.202403111256/tools/bin/../lib/gcc/arm-none-eabi/12.3.1/../../../../arm-none-eabi/lib/thumb/v7e-m+fp/hard/libnosys.a
END GROUP
START GROUP
LOAD /opt/st/stm32cubeide_1.15.0/plugins/com.st.stm32cube.ide.mcu.externaltools.gnu-tools-for-stm32.12.3.rel1.linux64_1.0.100.202403111256/tools/bin/../lib/gcc/arm-none-eabi/12.3.1/thumb/v7e-m+fp/hard/libgcc.a
LOAD /opt/st/stm32cubeide_1.15.0/plugins/com.st.stm32cube.ide.mcu.externaltools.gnu-tools-for-stm32.12.3.rel1.linux64_1.0.100.202403111256/tools/bin/../lib/gcc/arm-none-eabi/12.3.1/../../../../arm-none-eabi/lib/thumb/v7e-m+fp/hard/libc_nano.a
LOAD /opt/st/stm32cubeide_1.15.0/plugins/com.st.stm32cube.ide.mcu.externaltools.gnu-tools-for-stm32.12.3.rel1.linux64_1.0.100.202403111256/tools/bin/../lib/gcc/arm-none-eabi/12.3.1/../../../../arm-none-eabi/lib/thumb/v7e-m+fp/hard/libnosys.a
END GROUP
LOAD /opt/st/stm32cubeide_1.15.0/plugins/com.st.stm32cube.ide.mcu.externaltools.gnu-tools-for-stm32.12.3.rel1.linux64_1.0.100.202403111256/tools/bin/../lib/gcc/arm-none-eabi/12.3.1/thumb/v7e-m+fp/hard/crtend.o
LOAD /opt/st/stm32cubeide_1.15.0/plugins/com.st.stm32cube.ide.mcu.externaltools.gnu-tools-for-stm32.12.3.rel1.linux64_1.0.100.202403111256/tools/bin/../lib/gcc/arm-none-eabi/12.3.1/thumb/v7e-m+fp/hard/crtn.o
                0x20030000                        _estack = (ORIGIN (RAM) + LENGTH (RAM))
                0x00000200                        _Min_Heap_Size = 0x200
                0x00000400                        _Min_Stack_Size = 0x400

.isr_vector     0x08000000      0x1ac
                0x08000000                        . = ALIGN (0x4)
 *(.isr_vector)
 .isr_vector    0x08000000      0x1ac ./Core/Startup/startup_stm32f429zitx.o
                0x08000000                g_pfnVectors
                0x080001ac                        . = ALIGN (0x4)

.text           0x080001ac     0x3e18
                0x080001ac                        . = ALIGN (0x4)
 *(.text)
 .text          0x080001ac       0x40 /opt/st/stm32cubeide_1.15.0/plugins/com.st.stm32cube.ide.mcu.externaltools.gnu-tools-for-stm32.12.3.rel1.linux64_1.0.100.202403111256/tools/bin/../lib/gcc/arm-none-eabi/12.3.1/thumb/v7e-m+fp/hard/crtbegin.o
 .text          0x080001ec       0x30 /opt/st/stm32cubeide_1.15.0/plugins/com.st.stm32cube.ide.mcu.externaltools.gnu-tools-for-stm32.12.3.rel1.linux64_1.0.100.202403111256/tools/bin/../lib/gcc/arm-none-eabi/12.3.1/thumb/v7e-m+fp/hard/libgcc.a(_aeabi_uldivmod.o)
                0x080001ec                __aeabi_uldivmod
 .text          0x0800021c      0x2bc /opt/st/stm32cubeide_1.15.0/plugins/com.st.stm32cube.ide.mcu.externaltools.gnu-tools-for-stm32.12.3.rel1.linux64_1.0.100.202403111256/tools/bin/../lib/gcc/arm-none-eabi/12.3.1/thumb/v7e-m+fp/hard/libgcc.a(_udivmoddi4.o)
                0x0800021c                __udivmoddi4
 .text          0x080004d8        0x4 /opt/st/stm32cubeide_1.15.0/plugins/com.st.stm32cube.ide.mcu.externaltools.gnu-tools-for-stm32.12.3.rel1.linux64_1.0.100.202403111256/tools/bin/../lib/gcc/arm-none-eabi/12.3.1/thumb/v7e-m+fp/hard/libgcc.a(_dvmd_tls.o)
                0x080004d8                __aeabi_ldiv0
                0x080004d8                __aeabi_idiv0
 *(.text*)
 .text.updateCameraInfo
                0x080004dc       0x34 ./Arducam_lib/ArducamCamera.o
                0x080004dc                updateCameraInfo
 .text.cameraInit
                0x08000510       0x28 ./Arducam_lib/ArducamCamera.o
                0x08000510                cameraInit
 .text.cameraGetSensorConfig
                0x08000538       0xac ./Arducam_lib/ArducamCamera.o
                0x08000538                cameraGetSensorConfig
 .text.cameraBegin
                0x080005e4       0xb0 ./Arducam_lib/ArducamCamera.o
                0x080005e4                cameraBegin
 .text.cameraSetCapture
                0x08000694       0x56 ./Arducam_lib/ArducamCamera.o
                0x08000694                cameraSetCapture
 .text.cameraImageAvailable
                0x080006ea       0x18 ./Arducam_lib/ArducamCamera.o
                0x080006ea                cameraImageAvailable
 .text.cameraSetAutoFocus
                0x08000702       0x28 ./Arducam_lib/ArducamCamera.o
                0x08000702                cameraSetAutoFocus
 .text.cameraGetAutoFocusSta
                0x0800072a       0x66 ./Arducam_lib/ArducamCamera.o
                0x0800072a                cameraGetAutoFocusSta
 .text.cameraSetManualFocus
                0x08000790       0xba ./Arducam_lib/ArducamCamera.o
                0x08000790                cameraSetManualFocus
 *fill*         0x0800084a        0x2 
 .text.legacyMode
                0x0800084c       0xa4 ./Arducam_lib/ArducamCamera.o
                0x0800084c                legacyMode
 .text.cameraTakePicture
                0x080008f0       0x92 ./Arducam_lib/ArducamCamera.o
                0x080008f0                cameraTakePicture
 .text.cameratakeMultiPictures
                0x08000982       0x88 ./Arducam_lib/ArducamCamera.o
                0x08000982                cameratakeMultiPictures
 .text.cameraRegisterCallback
                0x08000a0a       0x2e ./Arducam_lib/ArducamCamera.o
                0x08000a0a                cameraRegisterCallback
 .text.cameraStartPreview
                0x08000a38       0x66 ./Arducam_lib/ArducamCamera.o
                0x08000a38                cameraStartPreview
 *fill*         0x08000a9e        0x2 
 .text.cameraCaptureThread
                0x08000aa0       0x48 ./Arducam_lib/ArducamCamera.o
                0x08000aa0                cameraCaptureThread
 .text.cameraStopPreview
                0x08000ae8       0x56 ./Arducam_lib/ArducamCamera.o
                0x08000ae8                cameraStopPreview
 .text.cameraSetImageQuality
                0x08000b3e       0x28 ./Arducam_lib/ArducamCamera.o
                0x08000b3e                cameraSetImageQuality
 .text.cameraReset
                0x08000b66       0x2e ./Arducam_lib/ArducamCamera.o
                0x08000b66                cameraReset
 .text.cameraSetAutoWhiteBalanceMode
                0x08000b94       0x28 ./Arducam_lib/ArducamCamera.o
                0x08000b94                cameraSetAutoWhiteBalanceMode
 .text.cameraSetAutoWhiteBalance
                0x08000bbc       0x5e ./Arducam_lib/ArducamCamera.o
                0x08000bbc                cameraSetAutoWhiteBalance
 .text.cameraSetAutoISOSensitive
                0x08000c1a       0x56 ./Arducam_lib/ArducamCamera.o
                0x08000c1a                cameraSetAutoISOSensitive
 .text.cameraSetISOSensitivity
                0x08000c70       0x54 ./Arducam_lib/ArducamCamera.o
                0x08000c70                cameraSetISOSensitivity
 .text.cameraSetAutoExposure
                0x08000cc4       0x5e ./Arducam_lib/ArducamCamera.o
                0x08000cc4                cameraSetAutoExposure
 .text.cameraSetAbsoluteExposure
                0x08000d22       0x5c ./Arducam_lib/ArducamCamera.o
                0x08000d22                cameraSetAbsoluteExposure
 .text.cameraSetColorEffect
                0x08000d7e       0x28 ./Arducam_lib/ArducamCamera.o
                0x08000d7e                cameraSetColorEffect
 .text.cameraSetSaturation
                0x08000da6       0x28 ./Arducam_lib/ArducamCamera.o
                0x08000da6                cameraSetSaturation
 .text.cameraSetEV
                0x08000dce       0x28 ./Arducam_lib/ArducamCamera.o
                0x08000dce                cameraSetEV
 .text.cameraSetContrast
                0x08000df6       0x28 ./Arducam_lib/ArducamCamera.o
                0x08000df6                cameraSetContrast
 .text.cameraSetSharpness
                0x08000e1e       0x30 ./Arducam_lib/ArducamCamera.o
                0x08000e1e                cameraSetSharpness
 .text.cameraSetBrightness
                0x08000e4e       0x28 ./Arducam_lib/ArducamCamera.o
                0x08000e4e                cameraSetBrightness
 .text.cameraFlushFifo
                0x08000e76       0x1a ./Arducam_lib/ArducamCamera.o
                0x08000e76                cameraFlushFifo
 .text.cameraStartCapture
                0x08000e90       0x1a ./Arducam_lib/ArducamCamera.o
                0x08000e90                cameraStartCapture
 .text.cameraClearFifoFlag
                0x08000eaa       0x1a ./Arducam_lib/ArducamCamera.o
                0x08000eaa                cameraClearFifoFlag
 .text.cameraReadFifoLength
                0x08000ec4       0x4e ./Arducam_lib/ArducamCamera.o
                0x08000ec4                cameraReadFifoLength
 .text.cameraGetBit
                0x08000f12       0x30 ./Arducam_lib/ArducamCamera.o
                0x08000f12                cameraGetBit
 .text.cameraSetFifoBurst
                0x08000f42       0x16 ./Arducam_lib/ArducamCamera.o
                0x08000f42                cameraSetFifoBurst
 .text.cameraReadByte
                0x08000f58       0x4a ./Arducam_lib/ArducamCamera.o
                0x08000f58                cameraReadByte
 .text.cameraReadBuff
                0x08000fa2       0x9c ./Arducam_lib/ArducamCamera.o
                0x08000fa2                cameraReadBuff
 .text.cameraWriteReg
                0x0800103e       0x2c ./Arducam_lib/ArducamCamera.o
                0x0800103e                cameraWriteReg
 .text.cameraReadReg
                0x0800106a       0x28 ./Arducam_lib/ArducamCamera.o
                0x0800106a                cameraReadReg
 .text.cameraBusWrite
                0x08001092       0x36 ./Arducam_lib/ArducamCamera.o
                0x08001092                cameraBusWrite
 .text.cameraCsHigh
                0x080010c8       0x1a ./Arducam_lib/ArducamCamera.o
                0x080010c8                cameraCsHigh
 .text.cameraCsLow
                0x080010e2       0x1a ./Arducam_lib/ArducamCamera.o
                0x080010e2                cameraCsLow
 .text.cameraBusRead
                0x080010fc       0x42 ./Arducam_lib/ArducamCamera.o
                0x080010fc                cameraBusRead
 .text.cameraWaitI2cIdle
                0x0800113e       0x26 ./Arducam_lib/ArducamCamera.o
                0x0800113e                cameraWaitI2cIdle
 .text.cameraDebugWriteRegister
                0x08001164       0x48 ./Arducam_lib/ArducamCamera.o
                0x08001164                cameraDebugWriteRegister
 .text.cameraLowPowerOn
                0x080011ac      0x178 ./Arducam_lib/ArducamCamera.o
                0x080011ac                cameraLowPowerOn
 .text.cameraLowPowerOff
                0x08001324      0x178 ./Arducam_lib/ArducamCamera.o
                0x08001324                cameraLowPowerOff
 .text.cameraSetRotation
                0x0800149c       0x28 ./Arducam_lib/ArducamCamera.o
                0x0800149c                cameraSetRotation
 .text.cameraSetFreezeAE
                0x080014c4       0x30 ./Arducam_lib/ArducamCamera.o
                0x080014c4                cameraSetFreezeAE
 .text.cameraSetFreezeAWB
                0x080014f4       0x30 ./Arducam_lib/ArducamCamera.o
                0x080014f4                cameraSetFreezeAWB
 .text.begin    0x08001524       0x1c ./Arducam_lib/ArducamCamera.o
                0x08001524                begin
 .text.readBuff
                0x08001540       0x24 ./Arducam_lib/ArducamCamera.o
                0x08001540                readBuff
 .text.writeReg
                0x08001564       0x28 ./Arducam_lib/ArducamCamera.o
                0x08001564                writeReg
 .text.readReg  0x0800158c       0x26 ./Arducam_lib/ArducamCamera.o
                0x0800158c                readReg
 .text.busRead  0x080015b2       0x22 ./Arducam_lib/ArducamCamera.o
                0x080015b2                busRead
 .text.busWrite
                0x080015d4       0x26 ./Arducam_lib/ArducamCamera.o
                0x080015d4                busWrite
 .text.startCapture
                0x080015fa       0x1c ./Arducam_lib/ArducamCamera.o
                0x080015fa                startCapture
 .text.clearFifoFlag
                0x08001616       0x1c ./Arducam_lib/ArducamCamera.o
                0x08001616                clearFifoFlag
 .text.readFifoLength
                0x08001632       0x1e ./Arducam_lib/ArducamCamera.o
                0x08001632                readFifoLength
 .text.getBit   0x08001650       0x2a ./Arducam_lib/ArducamCamera.o
                0x08001650                getBit
 .text.setFifoBurst
                0x0800167a       0x1c ./Arducam_lib/ArducamCamera.o
                0x0800167a                setFifoBurst
 .text.setCapture
                0x08001696       0x1c ./Arducam_lib/ArducamCamera.o
                0x08001696                setCapture
 .text.waitI2cIdle
                0x080016b2       0x1c ./Arducam_lib/ArducamCamera.o
                0x080016b2                waitI2cIdle
 .text.imageAvailable
                0x080016ce       0x1c ./Arducam_lib/ArducamCamera.o
                0x080016ce                imageAvailable
 *fill*         0x080016ea        0x2 
 .text.createArducamCamera
                0x080016ec       0x78 ./Arducam_lib/ArducamCamera.o
                0x080016ec                createArducamCamera
 .text.spiBegin
                0x08001764        0xe ./Core/Src/Stm32Hal.o
                0x08001764                spiBegin
 .text.spiCsOutputMode
                0x08001772       0x14 ./Core/Src/Stm32Hal.o
                0x08001772                spiCsOutputMode
 *fill*         0x08001786        0x2 
 .text.spiReadWriteByte
                0x08001788       0x30 ./Core/Src/Stm32Hal.o
                0x08001788                spiReadWriteByte
 .text.spiCsHigh
                0x080017b8       0x20 ./Core/Src/Stm32Hal.o
                0x080017b8                spiCsHigh
 .text.spiCsLow
                0x080017d8       0x20 ./Core/Src/Stm32Hal.o
                0x080017d8                spiCsLow
 .text.delayMs  0x080017f8       0x18 ./Core/Src/Stm32Hal.o
                0x080017f8                delayMs
 .text.main     0x08001810       0x7c ./Core/Src/main.o
                0x08001810                main
 .text.SystemClock_Config
                0x0800188c       0xd8 ./Core/Src/main.o
                0x0800188c                SystemClock_Config
 .text.MX_SPI4_Init
                0x08001964       0x6c ./Core/Src/main.o
 .text.MX_USART1_UART_Init
                0x080019d0       0x54 ./Core/Src/main.o
 .text.MX_GPIO_Init
                0x08001a24      0x4d8 ./Core/Src/main.o
 .text.Error_Handler
                0x08001efc        0xc ./Core/Src/main.o
                0x08001efc                Error_Handler
 .text.HAL_MspInit
                0x08001f08       0x50 ./Core/Src/stm32f4xx_hal_msp.o
                0x08001f08                HAL_MspInit
 .text.HAL_SPI_MspInit
                0x08001f58       0x90 ./Core/Src/stm32f4xx_hal_msp.o
                0x08001f58                HAL_SPI_MspInit
 .text.HAL_UART_MspInit
                0x08001fe8       0x90 ./Core/Src/stm32f4xx_hal_msp.o
                0x08001fe8                HAL_UART_MspInit
 .text.NMI_Handler
                0x08002078        0x8 ./Core/Src/stm32f4xx_it.o
                0x08002078                NMI_Handler
 .text.HardFault_Handler
                0x08002080        0x8 ./Core/Src/stm32f4xx_it.o
                0x08002080                HardFault_Handler
 .text.MemManage_Handler
                0x08002088        0x8 ./Core/Src/stm32f4xx_it.o
                0x08002088                MemManage_Handler
 .text.BusFault_Handler
                0x08002090        0x8 ./Core/Src/stm32f4xx_it.o
                0x08002090                BusFault_Handler
 .text.UsageFault_Handler
                0x08002098        0x8 ./Core/Src/stm32f4xx_it.o
                0x08002098                UsageFault_Handler
 .text.SVC_Handler
                0x080020a0        0xe ./Core/Src/stm32f4xx_it.o
                0x080020a0                SVC_Handler
 .text.DebugMon_Handler
                0x080020ae        0xe ./Core/Src/stm32f4xx_it.o
                0x080020ae                DebugMon_Handler
 .text.PendSV_Handler
                0x080020bc        0xe ./Core/Src/stm32f4xx_it.o
                0x080020bc                PendSV_Handler
 .text.SysTick_Handler
                0x080020ca        0xc ./Core/Src/stm32f4xx_it.o
                0x080020ca                SysTick_Handler
 *fill*         0x080020d6        0x2 
 .text.SystemInit
                0x080020d8       0x24 ./Core/Src/system_stm32f4xx.o
                0x080020d8                SystemInit
 .text.Reset_Handler
                0x080020fc       0x50 ./Core/Startup/startup_stm32f429zitx.o
                0x080020fc                Reset_Handler
 .text.Default_Handler
                0x0800214c        0x2 ./Core/Startup/startup_stm32f429zitx.o
                0x0800214c                RTC_Alarm_IRQHandler
                0x0800214c                HASH_RNG_IRQHandler
                0x0800214c                EXTI2_IRQHandler
                0x0800214c                TIM8_CC_IRQHandler
                0x0800214c                UART8_IRQHandler
                0x0800214c                SPI4_IRQHandler
                0x0800214c                TIM1_CC_IRQHandler
                0x0800214c                DMA2_Stream5_IRQHandler
                0x0800214c                DMA1_Stream5_IRQHandler
                0x0800214c                PVD_IRQHandler
                0x0800214c                SDIO_IRQHandler
                0x0800214c                TAMP_STAMP_IRQHandler
                0x0800214c                CAN2_RX1_IRQHandler
                0x0800214c                EXTI3_IRQHandler
                0x0800214c                TIM8_TRG_COM_TIM14_IRQHandler
                0x0800214c                TIM1_UP_TIM10_IRQHandler
                0x0800214c                TIM8_UP_TIM13_IRQHandler
                0x0800214c                I2C3_ER_IRQHandler
                0x0800214c                EXTI0_IRQHandler
                0x0800214c                I2C2_EV_IRQHandler
                0x0800214c                DMA1_Stream2_IRQHandler
                0x0800214c                CAN1_RX0_IRQHandler
                0x0800214c                FPU_IRQHandler
                0x0800214c                OTG_HS_WKUP_IRQHandler
                0x0800214c                LTDC_ER_IRQHandler
                0x0800214c                CAN2_SCE_IRQHandler
                0x0800214c                DMA2_Stream2_IRQHandler
                0x0800214c                SPI1_IRQHandler
                0x0800214c                TIM6_DAC_IRQHandler
                0x0800214c                TIM1_BRK_TIM9_IRQHandler
                0x0800214c                DCMI_IRQHandler
                0x0800214c                CAN2_RX0_IRQHandler
                0x0800214c                DMA2_Stream3_IRQHandler
                0x0800214c                USART6_IRQHandler
                0x0800214c                USART3_IRQHandler
                0x0800214c                CAN1_RX1_IRQHandler
                0x0800214c                UART5_IRQHandler
                0x0800214c                DMA2_Stream0_IRQHandler
                0x0800214c                TIM4_IRQHandler
                0x0800214c                I2C1_EV_IRQHandler
                0x0800214c                DMA1_Stream6_IRQHandler
                0x0800214c                DMA1_Stream1_IRQHandler
                0x0800214c                UART4_IRQHandler
                0x0800214c                TIM3_IRQHandler
                0x0800214c                RCC_IRQHandler
                0x0800214c                TIM8_BRK_TIM12_IRQHandler
                0x0800214c                Default_Handler
                0x0800214c                EXTI15_10_IRQHandler
                0x0800214c                ADC_IRQHandler
                0x0800214c                DMA1_Stream7_IRQHandler
                0x0800214c                SPI5_IRQHandler
                0x0800214c                TIM7_IRQHandler
                0x0800214c                CAN2_TX_IRQHandler
                0x0800214c                TIM5_IRQHandler
                0x0800214c                DMA2_Stream7_IRQHandler
                0x0800214c                I2C3_EV_IRQHandler
                0x0800214c                EXTI9_5_IRQHandler
                0x0800214c                RTC_WKUP_IRQHandler
                0x0800214c                LTDC_IRQHandler
                0x0800214c                ETH_WKUP_IRQHandler
                0x0800214c                SPI2_IRQHandler
                0x0800214c                OTG_HS_EP1_IN_IRQHandler
                0x0800214c                DMA1_Stream0_IRQHandler
                0x0800214c                CAN1_TX_IRQHandler
                0x0800214c                EXTI4_IRQHandler
                0x0800214c                ETH_IRQHandler
                0x0800214c                OTG_HS_EP1_OUT_IRQHandler
                0x0800214c                WWDG_IRQHandler
                0x0800214c                SPI6_IRQHandler
                0x0800214c                TIM2_IRQHandler
                0x0800214c                OTG_FS_WKUP_IRQHandler
                0x0800214c                TIM1_TRG_COM_TIM11_IRQHandler
                0x0800214c                OTG_HS_IRQHandler
                0x0800214c                DMA2D_IRQHandler
                0x0800214c                EXTI1_IRQHandler
                0x0800214c                UART7_IRQHandler
                0x0800214c                USART2_IRQHandler
                0x0800214c                I2C2_ER_IRQHandler
                0x0800214c                DMA2_Stream1_IRQHandler
                0x0800214c                CAN1_SCE_IRQHandler
                0x0800214c                FLASH_IRQHandler
                0x0800214c                DMA2_Stream4_IRQHandler
                0x0800214c                USART1_IRQHandler
                0x0800214c                OTG_FS_IRQHandler
                0x0800214c                SPI3_IRQHandler
                0x0800214c                DMA1_Stream4_IRQHandler
                0x0800214c                I2C1_ER_IRQHandler
                0x0800214c                FMC_IRQHandler
                0x0800214c                DMA2_Stream6_IRQHandler
                0x0800214c                SAI1_IRQHandler
                0x0800214c                DMA1_Stream3_IRQHandler
 *fill*         0x0800214e        0x2 
 .text.HAL_Init
                0x08002150       0x44 ./Drivers/STM32F4xx_HAL_Driver/Src/stm32f4xx_hal.o
                0x08002150                HAL_Init
 .text.HAL_InitTick
                0x08002194       0x60 ./Drivers/STM32F4xx_HAL_Driver/Src/stm32f4xx_hal.o
                0x08002194                HAL_InitTick
 .text.HAL_IncTick
                0x080021f4       0x28 ./Drivers/STM32F4xx_HAL_Driver/Src/stm32f4xx_hal.o
                0x080021f4                HAL_IncTick
 .text.HAL_GetTick
                0x0800221c       0x18 ./Drivers/STM32F4xx_HAL_Driver/Src/stm32f4xx_hal.o
                0x0800221c                HAL_GetTick
 .text.HAL_Delay
                0x08002234       0x48 ./Drivers/STM32F4xx_HAL_Driver/Src/stm32f4xx_hal.o
                0x08002234                HAL_Delay
 .text.__NVIC_SetPriorityGrouping
                0x0800227c       0x48 ./Drivers/STM32F4xx_HAL_Driver/Src/stm32f4xx_hal_cortex.o
 .text.__NVIC_GetPriorityGrouping
                0x080022c4       0x1c ./Drivers/STM32F4xx_HAL_Driver/Src/stm32f4xx_hal_cortex.o
 .text.__NVIC_SetPriority
                0x080022e0       0x54 ./Drivers/STM32F4xx_HAL_Driver/Src/stm32f4xx_hal_cortex.o
 .text.NVIC_EncodePriority
                0x08002334       0x66 ./Drivers/STM32F4xx_HAL_Driver/Src/stm32f4xx_hal_cortex.o
 *fill*         0x0800239a        0x2 
 .text.SysTick_Config
                0x0800239c       0x44 ./Drivers/STM32F4xx_HAL_Driver/Src/stm32f4xx_hal_cortex.o
 .text.HAL_NVIC_SetPriorityGrouping
                0x080023e0       0x16 ./Drivers/STM32F4xx_HAL_Driver/Src/stm32f4xx_hal_cortex.o
                0x080023e0                HAL_NVIC_SetPriorityGrouping
 .text.HAL_NVIC_SetPriority
                0x080023f6       0x38 ./Drivers/STM32F4xx_HAL_Driver/Src/stm32f4xx_hal_cortex.o
                0x080023f6                HAL_NVIC_SetPriority
 .text.HAL_SYSTICK_Config
                0x0800242e       0x18 ./Drivers/STM32F4xx_HAL_Driver/Src/stm32f4xx_hal_cortex.o
                0x0800242e                HAL_SYSTICK_Config
 *fill*         0x08002446        0x2 
 .text.HAL_GPIO_Init
                0x08002448      0x358 ./Drivers/STM32F4xx_HAL_Driver/Src/stm32f4xx_hal_gpio.o
                0x08002448                HAL_GPIO_Init
 .text.HAL_GPIO_WritePin
                0x080027a0       0x32 ./Drivers/STM32F4xx_HAL_Driver/Src/stm32f4xx_hal_gpio.o
                0x080027a0                HAL_GPIO_WritePin
 *fill*         0x080027d2        0x2 
 .text.HAL_RCC_OscConfig
                0x080027d4      0x4f0 ./Drivers/STM32F4xx_HAL_Driver/Src/stm32f4xx_hal_rcc.o
                0x080027d4                HAL_RCC_OscConfig
 .text.HAL_RCC_ClockConfig
                0x08002cc4      0x1cc ./Drivers/STM32F4xx_HAL_Driver/Src/stm32f4xx_hal_rcc.o
                0x08002cc4                HAL_RCC_ClockConfig
 .text.HAL_RCC_GetSysClockFreq
                0x08002e90      0x20c ./Drivers/STM32F4xx_HAL_Driver/Src/stm32f4xx_hal_rcc.o
                0x08002e90                HAL_RCC_GetSysClockFreq
 .text.HAL_RCC_GetHCLKFreq
                0x0800309c       0x18 ./Drivers/STM32F4xx_HAL_Driver/Src/stm32f4xx_hal_rcc.o
                0x0800309c                HAL_RCC_GetHCLKFreq
 .text.HAL_RCC_GetPCLK1Freq
                0x080030b4       0x28 ./Drivers/STM32F4xx_HAL_Driver/Src/stm32f4xx_hal_rcc.o
                0x080030b4                HAL_RCC_GetPCLK1Freq
 .text.HAL_RCC_GetPCLK2Freq
                0x080030dc       0x28 ./Drivers/STM32F4xx_HAL_Driver/Src/stm32f4xx_hal_rcc.o
                0x080030dc                HAL_RCC_GetPCLK2Freq
 .text.HAL_SPI_Init
                0x08003104      0x112 ./Drivers/STM32F4xx_HAL_Driver/Src/stm32f4xx_hal_spi.o
                0x08003104                HAL_SPI_Init
 .text.HAL_SPI_TransmitReceive
                0x08003216      0x352 ./Drivers/STM32F4xx_HAL_Driver/Src/stm32f4xx_hal_spi.o
                0x08003216                HAL_SPI_TransmitReceive
 .text.SPI_WaitFlagStateUntilTimeout
                0x08003568      0x110 ./Drivers/STM32F4xx_HAL_Driver/Src/stm32f4xx_hal_spi.o
 .text.SPI_EndRxTxTransaction
                0x08003678       0xa8 ./Drivers/STM32F4xx_HAL_Driver/Src/stm32f4xx_hal_spi.o
 .text.HAL_UART_Init
                0x08003720       0xa0 ./Drivers/STM32F4xx_HAL_Driver/Src/stm32f4xx_hal_uart.o
                0x08003720                HAL_UART_Init
 .text.HAL_UART_Transmit
                0x080037c0      0x116 ./Drivers/STM32F4xx_HAL_Driver/Src/stm32f4xx_hal_uart.o
                0x080037c0                HAL_UART_Transmit
 .text.UART_WaitOnFlagUntilTimeout
                0x080038d6       0xb2 ./Drivers/STM32F4xx_HAL_Driver/Src/stm32f4xx_hal_uart.o
 .text.UART_EndRxTransfer
                0x08003988       0xc6 ./Drivers/STM32F4xx_HAL_Driver/Src/stm32f4xx_hal_uart.o
 *fill*         0x08003a4e        0x2 
 .text.UART_SetConfig
                0x08003a50      0x4e8 ./Drivers/STM32F4xx_HAL_Driver/Src/stm32f4xx_hal_uart.o
 .text.memset   0x08003f38       0x10 /opt/st/stm32cubeide_1.15.0/plugins/com.st.stm32cube.ide.mcu.externaltools.gnu-tools-for-stm32.12.3.rel1.linux64_1.0.100.202403111256/tools/bin/../lib/gcc/arm-none-eabi/12.3.1/../../../../arm-none-eabi/lib/thumb/v7e-m+fp/hard/libc_nano.a(libc_a-memset.o)
                0x08003f38                memset
 .text.__libc_init_array
                0x08003f48       0x48 /opt/st/stm32cubeide_1.15.0/plugins/com.st.stm32cube.ide.mcu.externaltools.gnu-tools-for-stm32.12.3.rel1.linux64_1.0.100.202403111256/tools/bin/../lib/gcc/arm-none-eabi/12.3.1/../../../../arm-none-eabi/lib/thumb/v7e-m+fp/hard/libc_nano.a(libc_a-init.o)
                0x08003f48                __libc_init_array
 .text.memcpy   0x08003f90       0x1c /opt/st/stm32cubeide_1.15.0/plugins/com.st.stm32cube.ide.mcu.externaltools.gnu-tools-for-stm32.12.3.rel1.linux64_1.0.100.202403111256/tools/bin/../lib/gcc/arm-none-eabi/12.3.1/../../../../arm-none-eabi/lib/thumb/v7e-m+fp/hard/libc_nano.a(libc_a-memcpy-stub.o)
                0x08003f90                memcpy
 *(.glue_7)
 .glue_7        0x08003fac        0x0 linker stubs
 *(.glue_7t)
 .glue_7t       0x08003fac        0x0 linker stubs
 *(.eh_frame)
 .eh_frame      0x08003fac        0x0 /opt/st/stm32cubeide_1.15.0/plugins/com.st.stm32cube.ide.mcu.externaltools.gnu-tools-for-stm32.12.3.rel1.linux64_1.0.100.202403111256/tools/bin/../lib/gcc/arm-none-eabi/12.3.1/thumb/v7e-m+fp/hard/crtbegin.o
 *(.init)
 .init          0x08003fac        0x4 /opt/st/stm32cubeide_1.15.0/plugins/com.st.stm32cube.ide.mcu.externaltools.gnu-tools-for-stm32.12.3.rel1.linux64_1.0.100.202403111256/tools/bin/../lib/gcc/arm-none-eabi/12.3.1/thumb/v7e-m+fp/hard/crti.o
                0x08003fac                _init
 .init          0x08003fb0        0x8 /opt/st/stm32cubeide_1.15.0/plugins/com.st.stm32cube.ide.mcu.externaltools.gnu-tools-for-stm32.12.3.rel1.linux64_1.0.100.202403111256/tools/bin/../lib/gcc/arm-none-eabi/12.3.1/thumb/v7e-m+fp/hard/crtn.o
 *(.fini)
 .fini          0x08003fb8        0x4 /opt/st/stm32cubeide_1.15.0/plugins/com.st.stm32cube.ide.mcu.externaltools.gnu-tools-for-stm32.12.3.rel1.linux64_1.0.100.202403111256/tools/bin/../lib/gcc/arm-none-eabi/12.3.1/thumb/v7e-m+fp/hard/crti.o
                0x08003fb8                _fini
 .fini          0x08003fbc        0x8 /opt/st/stm32cubeide_1.15.0/plugins/com.st.stm32cube.ide.mcu.externaltools.gnu-tools-for-stm32.12.3.rel1.linux64_1.0.100.202403111256/tools/bin/../lib/gcc/arm-none-eabi/12.3.1/thumb/v7e-m+fp/hard/crtn.o
                0x08003fc4                        . = ALIGN (0x4)
                0x08003fc4                        _etext = .

.vfp11_veneer   0x08003fc4        0x0
 .vfp11_veneer  0x08003fc4        0x0 linker stubs

.v4_bx          0x08003fc4        0x0
 .v4_bx         0x08003fc4        0x0 linker stubs

.iplt           0x08003fc4        0x0
 .iplt          0x08003fc4        0x0 /opt/st/stm32cubeide_1.15.0/plugins/com.st.stm32cube.ide.mcu.externaltools.gnu-tools-for-stm32.12.3.rel1.linux64_1.0.100.202403111256/tools/bin/../lib/gcc/arm-none-eabi/12.3.1/thumb/v7e-m+fp/hard/crtbegin.o

.rodata         0x08003fc4      0x100
                0x08003fc4                        . = ALIGN (0x4)
 *(.rodata)
 .rodata        0x08003fc4       0x12 ./Arducam_lib/ArducamCamera.o
 *fill*         0x08003fd6        0x2 
 .rodata        0x08003fd8       0x18 ./Core/Src/main.o
 *(.rodata*)
 .rodata.ArducamcameraOperations
                0x08003ff0       0xbc ./Arducam_lib/ArducamCamera.o
                0x08003ff0                ArducamcameraOperations
 .rodata.AHBPrescTable
                0x080040ac       0x10 ./Core/Src/system_stm32f4xx.o
                0x080040ac                AHBPrescTable
 .rodata.APBPrescTable
                0x080040bc        0x8 ./Core/Src/system_stm32f4xx.o
                0x080040bc                APBPrescTable
                0x080040c4                        . = ALIGN (0x4)

.ARM.extab      0x080040c4        0x0
                0x080040c4                        . = ALIGN (0x4)
 *(.ARM.extab* .gnu.linkonce.armextab.*)
                0x080040c4                        . = ALIGN (0x4)

.ARM            0x080040c4        0x8
                0x080040c4                        . = ALIGN (0x4)
                0x080040c4                        __exidx_start = .
 *(.ARM.exidx*)
 .ARM.exidx     0x080040c4        0x8 /opt/st/stm32cubeide_1.15.0/plugins/com.st.stm32cube.ide.mcu.externaltools.gnu-tools-for-stm32.12.3.rel1.linux64_1.0.100.202403111256/tools/bin/../lib/gcc/arm-none-eabi/12.3.1/thumb/v7e-m+fp/hard/libgcc.a(_udivmoddi4.o)
                0x080040cc                        __exidx_end = .
                0x080040cc                        . = ALIGN (0x4)

.preinit_array  0x080040cc        0x0
                0x080040cc                        . = ALIGN (0x4)
                0x080040cc                        PROVIDE (__preinit_array_start = .)
 *(.preinit_array*)
                0x080040cc                        PROVIDE (__preinit_array_end = .)
                0x080040cc                        . = ALIGN (0x4)

.init_array     0x080040cc        0x4
                0x080040cc                        . = ALIGN (0x4)
                0x080040cc                        PROVIDE (__init_array_start = .)
 *(SORT_BY_NAME(.init_array.*))
 *(.init_array*)
 .init_array    0x080040cc        0x4 /opt/st/stm32cubeide_1.15.0/plugins/com.st.stm32cube.ide.mcu.externaltools.gnu-tools-for-stm32.12.3.rel1.linux64_1.0.100.202403111256/tools/bin/../lib/gcc/arm-none-eabi/12.3.1/thumb/v7e-m+fp/hard/crtbegin.o
                0x080040d0                        PROVIDE (__init_array_end = .)
                0x080040d0                        . = ALIGN (0x4)

.fini_array     0x080040d0        0x4
                0x080040d0                        . = ALIGN (0x4)
                [!provide]                        PROVIDE (__fini_array_start = .)
 *(SORT_BY_NAME(.fini_array.*))
 *(.fini_array*)
 .fini_array    0x080040d0        0x4 /opt/st/stm32cubeide_1.15.0/plugins/com.st.stm32cube.ide.mcu.externaltools.gnu-tools-for-stm32.12.3.rel1.linux64_1.0.100.202403111256/tools/bin/../lib/gcc/arm-none-eabi/12.3.1/thumb/v7e-m+fp/hard/crtbegin.o
                [!provide]                        PROVIDE (__fini_array_end = .)
                0x080040d4                        . = ALIGN (0x4)
                0x080040d4                        _sidata = LOADADDR (.data)

.rel.dyn        0x080040d4        0x0
 .rel.iplt      0x080040d4        0x0 /opt/st/stm32cubeide_1.15.0/plugins/com.st.stm32cube.ide.mcu.externaltools.gnu-tools-for-stm32.12.3.rel1.linux64_1.0.100.202403111256/tools/bin/../lib/gcc/arm-none-eabi/12.3.1/thumb/v7e-m+fp/hard/crtbegin.o

.data           0x20000000       0xe8 load address 0x080040d4
                0x20000000                        . = ALIGN (0x4)
                0x20000000                        _sdata = .
 *(.data)
 *(.data*)
 .data.currentSDK
                0x20000000        0x5 ./Arducam_lib/ArducamCamera.o
                0x20000000                currentSDK
 *fill*         0x20000005        0x3 
 .data.CameraInfo_5MP
                0x20000008       0x24 ./Arducam_lib/ArducamCamera.o
                0x20000008                CameraInfo_5MP
 .data.CameraInfo_3MP
                0x2000002c       0x24 ./Arducam_lib/ArducamCamera.o
                0x2000002c                CameraInfo_3MP
 .data.CameraInfo_2MP
                0x20000050       0x24 ./Arducam_lib/ArducamCamera.o
                0x20000050                CameraInfo_2MP
 .data.CameraInfo_5MP_legacy
                0x20000074       0x24 ./Arducam_lib/ArducamCamera.o
                0x20000074                CameraInfo_5MP_legacy
 .data.CameraInfo_3MP_legacy
                0x20000098       0x24 ./Arducam_lib/ArducamCamera.o
                0x20000098                CameraInfo_3MP_legacy
 .data.ov3640GainValue
                0x200000bc       0x1f ./Arducam_lib/ArducamCamera.o
                0x200000bc                ov3640GainValue
 *fill*         0x200000db        0x1 
 .data.SystemCoreClock
                0x200000dc        0x4 ./Core/Src/system_stm32f4xx.o
                0x200000dc                SystemCoreClock
 .data.uwTickPrio
                0x200000e0        0x4 ./Drivers/STM32F4xx_HAL_Driver/Src/stm32f4xx_hal.o
                0x200000e0                uwTickPrio
 .data.uwTickFreq
                0x200000e4        0x1 ./Drivers/STM32F4xx_HAL_Driver/Src/stm32f4xx_hal.o
                0x200000e4                uwTickFreq
 *(.RamFunc)
 *(.RamFunc*)
                0x200000e8                        . = ALIGN (0x4)
 *fill*         0x200000e5        0x3 
                0x200000e8                        _edata = .
                0x080041bc                        _siccmram = LOADADDR (.ccmram)

.igot.plt       0x200000e8        0x0 load address 0x080041bc
 .igot.plt      0x200000e8        0x0 /opt/st/stm32cubeide_1.15.0/plugins/com.st.stm32cube.ide.mcu.externaltools.gnu-tools-for-stm32.12.3.rel1.linux64_1.0.100.202403111256/tools/bin/../lib/gcc/arm-none-eabi/12.3.1/thumb/v7e-m+fp/hard/crtbegin.o

.ccmram         0x10000000        0x0 load address 0x080041bc
                0x10000000                        . = ALIGN (0x4)
                0x10000000                        _sccmram = .
 *(.ccmram)
 *(.ccmram*)
                0x10000000                        . = ALIGN (0x4)
                0x10000000                        _eccmram = .
                0x10000000                        . = ALIGN (0x4)

.bss            0x200000e8      0x21c
                0x200000e8                        _sbss = .
                0x200000e8                        __bss_start__ = _sbss
 *(.bss)
 .bss           0x200000e8       0x1c /opt/st/stm32cubeide_1.15.0/plugins/com.st.stm32cube.ide.mcu.externaltools.gnu-tools-for-stm32.12.3.rel1.linux64_1.0.100.202403111256/tools/bin/../lib/gcc/arm-none-eabi/12.3.1/thumb/v7e-m+fp/hard/crtbegin.o
 *(.bss*)
 .bss.CameraType
                0x20000104        0xc ./Arducam_lib/ArducamCamera.o
                0x20000104                CameraType
 .bss.callBackBuff
                0x20000110       0xff ./Arducam_lib/ArducamCamera.o
 *fill*         0x2000020f        0x1 
 .bss.hspi4     0x20000210       0x58 ./Core/Src/main.o
                0x20000210                hspi4
 .bss.huart1    0x20000268       0x48 ./Core/Src/main.o
                0x20000268                huart1
 .bss.myCamera  0x200002b0       0x50 ./Core/Src/main.o
                0x200002b0                myCamera
 .bss.uwTick    0x20000300        0x4 ./Drivers/STM32F4xx_HAL_Driver/Src/stm32f4xx_hal.o
                0x20000300                uwTick
 *(COMMON)
                0x20000304                        . = ALIGN (0x4)
                0x20000304                        _ebss = .
                0x20000304                        __bss_end__ = _ebss

._user_heap_stack
                0x20000304      0x604
                0x20000308                        . = ALIGN (0x8)
 *fill*         0x20000304        0x4 
                [!provide]                        PROVIDE (end = .)
                0x20000308                        PROVIDE (_end = .)
                0x20000508                        . = (. + _Min_Heap_Size)
 *fill*         0x20000308      0x200 
                0x20000908                        . = (. + _Min_Stack_Size)
 *fill*         0x20000508      0x400 
                0x20000908                        . = ALIGN (0x8)

/DISCARD/
 libc.a(*)
 libm.a(*)
 libgcc.a(*)

.ARM.attributes
                0x00000000       0x30
 *(.ARM.attributes)
 .ARM.attributes
                0x00000000       0x22 /opt/st/stm32cubeide_1.15.0/plugins/com.st.stm32cube.ide.mcu.externaltools.gnu-tools-for-stm32.12.3.rel1.linux64_1.0.100.202403111256/tools/bin/../lib/gcc/arm-none-eabi/12.3.1/thumb/v7e-m+fp/hard/crti.o
 .ARM.attributes
                0x00000022       0x34 /opt/st/stm32cubeide_1.15.0/plugins/com.st.stm32cube.ide.mcu.externaltools.gnu-tools-for-stm32.12.3.rel1.linux64_1.0.100.202403111256/tools/bin/../lib/gcc/arm-none-eabi/12.3.1/thumb/v7e-m+fp/hard/crtbegin.o
 .ARM.attributes
                0x00000056       0x34 ./Arducam_lib/ArducamCamera.o
 .ARM.attributes
                0x0000008a       0x34 ./Core/Src/Stm32Hal.o
 .ARM.attributes
                0x000000be       0x34 ./Core/Src/main.o
 .ARM.attributes
                0x000000f2       0x34 ./Core/Src/stm32f4xx_hal_msp.o
 .ARM.attributes
                0x00000126       0x34 ./Core/Src/stm32f4xx_it.o
 .ARM.attributes
                0x0000015a       0x34 ./Core/Src/system_stm32f4xx.o
 .ARM.attributes
                0x0000018e       0x21 ./Core/Startup/startup_stm32f429zitx.o
 .ARM.attributes
                0x000001af       0x34 ./Drivers/STM32F4xx_HAL_Driver/Src/stm32f4xx_hal.o
 .ARM.attributes
                0x000001e3       0x34 ./Drivers/STM32F4xx_HAL_Driver/Src/stm32f4xx_hal_cortex.o
 .ARM.attributes
                0x00000217       0x34 ./Drivers/STM32F4xx_HAL_Driver/Src/stm32f4xx_hal_gpio.o
 .ARM.attributes
                0x0000024b       0x34 ./Drivers/STM32F4xx_HAL_Driver/Src/stm32f4xx_hal_rcc.o
 .ARM.attributes
                0x0000027f       0x34 ./Drivers/STM32F4xx_HAL_Driver/Src/stm32f4xx_hal_spi.o
 .ARM.attributes
                0x000002b3       0x34 ./Drivers/STM32F4xx_HAL_Driver/Src/stm32f4xx_hal_uart.o
 .ARM.attributes
                0x000002e7       0x34 /opt/st/stm32cubeide_1.15.0/plugins/com.st.stm32cube.ide.mcu.externaltools.gnu-tools-for-stm32.12.3.rel1.linux64_1.0.100.202403111256/tools/bin/../lib/gcc/arm-none-eabi/12.3.1/../../../../arm-none-eabi/lib/thumb/v7e-m+fp/hard/libc_nano.a(libc_a-memset.o)
 .ARM.attributes
                0x0000031b       0x34 /opt/st/stm32cubeide_1.15.0/plugins/com.st.stm32cube.ide.mcu.externaltools.gnu-tools-for-stm32.12.3.rel1.linux64_1.0.100.202403111256/tools/bin/../lib/gcc/arm-none-eabi/12.3.1/../../../../arm-none-eabi/lib/thumb/v7e-m+fp/hard/libc_nano.a(libc_a-init.o)
 .ARM.attributes
                0x0000034f       0x34 /opt/st/stm32cubeide_1.15.0/plugins/com.st.stm32cube.ide.mcu.externaltools.gnu-tools-for-stm32.12.3.rel1.linux64_1.0.100.202403111256/tools/bin/../lib/gcc/arm-none-eabi/12.3.1/../../../../arm-none-eabi/lib/thumb/v7e-m+fp/hard/libc_nano.a(libc_a-memcpy-stub.o)
 .ARM.attributes
                0x00000383       0x22 /opt/st/stm32cubeide_1.15.0/plugins/com.st.stm32cube.ide.mcu.externaltools.gnu-tools-for-stm32.12.3.rel1.linux64_1.0.100.202403111256/tools/bin/../lib/gcc/arm-none-eabi/12.3.1/thumb/v7e-m+fp/hard/libgcc.a(_aeabi_uldivmod.o)
 .ARM.attributes
                0x000003a5       0x34 /opt/st/stm32cubeide_1.15.0/plugins/com.st.stm32cube.ide.mcu.externaltools.gnu-tools-for-stm32.12.3.rel1.linux64_1.0.100.202403111256/tools/bin/../lib/gcc/arm-none-eabi/12.3.1/thumb/v7e-m+fp/hard/libgcc.a(_udivmoddi4.o)
 .ARM.attributes
                0x000003d9       0x22 /opt/st/stm32cubeide_1.15.0/plugins/com.st.stm32cube.ide.mcu.externaltools.gnu-tools-for-stm32.12.3.rel1.linux64_1.0.100.202403111256/tools/bin/../lib/gcc/arm-none-eabi/12.3.1/thumb/v7e-m+fp/hard/libgcc.a(_dvmd_tls.o)
 .ARM.attributes
                0x000003fb       0x22 /opt/st/stm32cubeide_1.15.0/plugins/com.st.stm32cube.ide.mcu.externaltools.gnu-tools-for-stm32.12.3.rel1.linux64_1.0.100.202403111256/tools/bin/../lib/gcc/arm-none-eabi/12.3.1/thumb/v7e-m+fp/hard/crtn.o
OUTPUT(SPI_Arducam.elf elf32-littlearm)
LOAD linker stubs
LOAD /opt/st/stm32cubeide_1.15.0/plugins/com.st.stm32cube.ide.mcu.externaltools.gnu-tools-for-stm32.12.3.rel1.linux64_1.0.100.202403111256/tools/bin/../lib/gcc/arm-none-eabi/12.3.1/../../../../arm-none-eabi/lib/thumb/v7e-m+fp/hard/libc.a
LOAD /opt/st/stm32cubeide_1.15.0/plugins/com.st.stm32cube.ide.mcu.externaltools.gnu-tools-for-stm32.12.3.rel1.linux64_1.0.100.202403111256/tools/bin/../lib/gcc/arm-none-eabi/12.3.1/../../../../arm-none-eabi/lib/thumb/v7e-m+fp/hard/libm.a
LOAD /opt/st/stm32cubeide_1.15.0/plugins/com.st.stm32cube.ide.mcu.externaltools.gnu-tools-for-stm32.12.3.rel1.linux64_1.0.100.202403111256/tools/bin/../lib/gcc/arm-none-eabi/12.3.1/thumb/v7e-m+fp/hard/libgcc.a

.debug_info     0x00000000     0xc789
 .debug_info    0x00000000     0x25e6 ./Arducam_lib/ArducamCamera.o
 .debug_info    0x000025e6      0x7cd ./Core/Src/Stm32Hal.o
 .debug_info    0x00002db3     0x1bbc ./Core/Src/main.o
 .debug_info    0x0000496f      0xc04 ./Core/Src/stm32f4xx_hal_msp.o
 .debug_info    0x00005573      0x112 ./Core/Src/stm32f4xx_it.o
 .debug_info    0x00005685      0x52e ./Core/Src/system_stm32f4xx.o
 .debug_info    0x00005bb3       0x30 ./Core/Startup/startup_stm32f429zitx.o
 .debug_info    0x00005be3      0x9ba ./Drivers/STM32F4xx_HAL_Driver/Src/stm32f4xx_hal.o
 .debug_info    0x0000659d      0xdc2 ./Drivers/STM32F4xx_HAL_Driver/Src/stm32f4xx_hal_cortex.o
 .debug_info    0x0000735f      0x6db ./Drivers/STM32F4xx_HAL_Driver/Src/stm32f4xx_hal_gpio.o
 .debug_info    0x00007a3a      0x8db ./Drivers/STM32F4xx_HAL_Driver/Src/stm32f4xx_hal_rcc.o
 .debug_info    0x00008315     0x1525 ./Drivers/STM32F4xx_HAL_Driver/Src/stm32f4xx_hal_spi.o
 .debug_info    0x0000983a     0x2f4f ./Drivers/STM32F4xx_HAL_Driver/Src/stm32f4xx_hal_uart.o

.debug_abbrev   0x00000000     0x19f6
 .debug_abbrev  0x00000000      0x28e ./Arducam_lib/ArducamCamera.o
 .debug_abbrev  0x0000028e      0x1f8 ./Core/Src/Stm32Hal.o
 .debug_abbrev  0x00000486      0x2b8 ./Core/Src/main.o
 .debug_abbrev  0x0000073e      0x1c3 ./Core/Src/stm32f4xx_hal_msp.o
 .debug_abbrev  0x00000901       0x73 ./Core/Src/stm32f4xx_it.o
 .debug_abbrev  0x00000974      0x11a ./Core/Src/system_stm32f4xx.o
 .debug_abbrev  0x00000a8e       0x24 ./Core/Startup/startup_stm32f429zitx.o
 .debug_abbrev  0x00000ab2      0x214 ./Drivers/STM32F4xx_HAL_Driver/Src/stm32f4xx_hal.o
 .debug_abbrev  0x00000cc6      0x31d ./Drivers/STM32F4xx_HAL_Driver/Src/stm32f4xx_hal_cortex.o
 .debug_abbrev  0x00000fe3      0x1d4 ./Drivers/STM32F4xx_HAL_Driver/Src/stm32f4xx_hal_gpio.o
 .debug_abbrev  0x000011b7      0x2b7 ./Drivers/STM32F4xx_HAL_Driver/Src/stm32f4xx_hal_rcc.o
 .debug_abbrev  0x0000146e      0x27a ./Drivers/STM32F4xx_HAL_Driver/Src/stm32f4xx_hal_spi.o
 .debug_abbrev  0x000016e8      0x30e ./Drivers/STM32F4xx_HAL_Driver/Src/stm32f4xx_hal_uart.o

.debug_aranges  0x00000000      0xba0
 .debug_aranges
                0x00000000      0x338 ./Arducam_lib/ArducamCamera.o
 .debug_aranges
                0x00000338       0x48 ./Core/Src/Stm32Hal.o
 .debug_aranges
                0x00000380       0x48 ./Core/Src/main.o
 .debug_aranges
                0x000003c8       0x40 ./Core/Src/stm32f4xx_hal_msp.o
 .debug_aranges
                0x00000408       0x60 ./Core/Src/stm32f4xx_it.o
 .debug_aranges
                0x00000468       0x28 ./Core/Src/system_stm32f4xx.o
 .debug_aranges
                0x00000490       0x28 ./Core/Startup/startup_stm32f429zitx.o
 .debug_aranges
                0x000004b8      0x100 ./Drivers/STM32F4xx_HAL_Driver/Src/stm32f4xx_hal.o
 .debug_aranges
                0x000005b8      0x130 ./Drivers/STM32F4xx_HAL_Driver/Src/stm32f4xx_hal_cortex.o
 .debug_aranges
                0x000006e8       0x58 ./Drivers/STM32F4xx_HAL_Driver/Src/stm32f4xx_hal_gpio.o
 .debug_aranges
                0x00000740       0x88 ./Drivers/STM32F4xx_HAL_Driver/Src/stm32f4xx_hal_rcc.o
 .debug_aranges
                0x000007c8      0x1d0 ./Drivers/STM32F4xx_HAL_Driver/Src/stm32f4xx_hal_spi.o
 .debug_aranges
                0x00000998      0x208 ./Drivers/STM32F4xx_HAL_Driver/Src/stm32f4xx_hal_uart.o

.debug_rnglists
                0x00000000      0x8ec
 .debug_rnglists
                0x00000000      0x27a ./Arducam_lib/ArducamCamera.o
 .debug_rnglists
                0x0000027a       0x31 ./Core/Src/Stm32Hal.o
 .debug_rnglists
                0x000002ab       0x33 ./Core/Src/main.o
 .debug_rnglists
                0x000002de       0x2d ./Core/Src/stm32f4xx_hal_msp.o
 .debug_rnglists
                0x0000030b       0x43 ./Core/Src/stm32f4xx_it.o
 .debug_rnglists
                0x0000034e       0x1a ./Core/Src/system_stm32f4xx.o
 .debug_rnglists
                0x00000368       0x19 ./Core/Startup/startup_stm32f429zitx.o
 .debug_rnglists
                0x00000381       0xbb ./Drivers/STM32F4xx_HAL_Driver/Src/stm32f4xx_hal.o
 .debug_rnglists
                0x0000043c       0xe0 ./Drivers/STM32F4xx_HAL_Driver/Src/stm32f4xx_hal_cortex.o
 .debug_rnglists
                0x0000051c       0x3f ./Drivers/STM32F4xx_HAL_Driver/Src/stm32f4xx_hal_gpio.o
 .debug_rnglists
                0x0000055b       0x66 ./Drivers/STM32F4xx_HAL_Driver/Src/stm32f4xx_hal_rcc.o
 .debug_rnglists
                0x000005c1      0x16f ./Drivers/STM32F4xx_HAL_Driver/Src/stm32f4xx_hal_spi.o
 .debug_rnglists
                0x00000730      0x1bc ./Drivers/STM32F4xx_HAL_Driver/Src/stm32f4xx_hal_uart.o

.debug_macro    0x00000000    0x229bd
 .debug_macro   0x00000000      0x426 ./Arducam_lib/ArducamCamera.o
 .debug_macro   0x00000426      0xab4 ./Arducam_lib/ArducamCamera.o
 .debug_macro   0x00000eda       0x22 ./Arducam_lib/ArducamCamera.o
 .debug_macro   0x00000efc       0x8e ./Arducam_lib/ArducamCamera.o
 .debug_macro   0x00000f8a       0x51 ./Arducam_lib/ArducamCamera.o
 .debug_macro   0x00000fdb      0x103 ./Arducam_lib/ArducamCamera.o
 .debug_macro   0x000010de       0x6a ./Arducam_lib/ArducamCamera.o
 .debug_macro   0x00001148      0x1df ./Arducam_lib/ArducamCamera.o
 .debug_macro   0x00001327       0x16 ./Arducam_lib/ArducamCamera.o
 .debug_macro   0x0000133d      0x29b ./Arducam_lib/ArducamCamera.o
 .debug_macro   0x000015d8       0x2e ./Arducam_lib/ArducamCamera.o
 .debug_macro   0x00001606       0x28 ./Arducam_lib/ArducamCamera.o
 .debug_macro   0x0000162e       0x1c ./Arducam_lib/ArducamCamera.o
 .debug_macro   0x0000164a       0x22 ./Arducam_lib/ArducamCamera.o
 .debug_macro   0x0000166c       0xfb ./Arducam_lib/ArducamCamera.o
 .debug_macro   0x00001767     0x1011 ./Arducam_lib/ArducamCamera.o
 .debug_macro   0x00002778      0x11f ./Arducam_lib/ArducamCamera.o
 .debug_macro   0x00002897    0x17ff1 ./Arducam_lib/ArducamCamera.o
 .debug_macro   0x0001a888       0x6d ./Arducam_lib/ArducamCamera.o
 .debug_macro   0x0001a8f5     0x370a ./Arducam_lib/ArducamCamera.o
 .debug_macro   0x0001dfff      0x189 ./Arducam_lib/ArducamCamera.o
 .debug_macro   0x0001e188       0x5c ./Arducam_lib/ArducamCamera.o
 .debug_macro   0x0001e1e4      0xcba ./Arducam_lib/ArducamCamera.o
 .debug_macro   0x0001ee9e      0x9e9 ./Arducam_lib/ArducamCamera.o
 .debug_macro   0x0001f887      0x115 ./Arducam_lib/ArducamCamera.o
 .debug_macro   0x0001f99c      0x156 ./Arducam_lib/ArducamCamera.o
 .debug_macro   0x0001faf2       0xa5 ./Arducam_lib/ArducamCamera.o
 .debug_macro   0x0001fb97      0x182 ./Arducam_lib/ArducamCamera.o
 .debug_macro   0x0001fd19      0x287 ./Arducam_lib/ArducamCamera.o
 .debug_macro   0x0001ffa0       0x5f ./Arducam_lib/ArducamCamera.o
 .debug_macro   0x0001ffff      0x236 ./Arducam_lib/ArducamCamera.o
 .debug_macro   0x00020235      0x132 ./Arducam_lib/ArducamCamera.o
 .debug_macro   0x00020367      0x41d ./Arducam_lib/ArducamCamera.o
 .debug_macro   0x00020784       0x2e ./Arducam_lib/ArducamCamera.o
 .debug_macro   0x000207b2      0x127 ./Arducam_lib/ArducamCamera.o
 .debug_macro   0x000208d9       0xe2 ./Arducam_lib/ArducamCamera.o
 .debug_macro   0x000209bb       0x89 ./Arducam_lib/ArducamCamera.o
 .debug_macro   0x00020a44      0x225 ./Arducam_lib/ArducamCamera.o
 .debug_macro   0x00020c69      0x2aa ./Arducam_lib/ArducamCamera.o
 .debug_macro   0x00020f13      0x134 ./Arducam_lib/ArducamCamera.o
 .debug_macro   0x00021047      0x4c8 ./Arducam_lib/ArducamCamera.o
 .debug_macro   0x0002150f       0x2e ./Arducam_lib/ArducamCamera.o
 .debug_macro   0x0002153d      0x1e2 ./Core/Src/Stm32Hal.o
 .debug_macro   0x0002171f      0x1dc ./Core/Src/main.o
 .debug_macro   0x000218fb       0x1c ./Core/Src/main.o
 .debug_macro   0x00021917      0x1d3 ./Core/Src/stm32f4xx_hal_msp.o
 .debug_macro   0x00021aea      0x1dd ./Core/Src/stm32f4xx_it.o
 .debug_macro   0x00021cc7      0x1c4 ./Core/Src/system_stm32f4xx.o
 .debug_macro   0x00021e8b      0x224 ./Drivers/STM32F4xx_HAL_Driver/Src/stm32f4xx_hal.o
 .debug_macro   0x000220af      0x1c4 ./Drivers/STM32F4xx_HAL_Driver/Src/stm32f4xx_hal_cortex.o
 .debug_macro   0x00022273      0x1ca ./Drivers/STM32F4xx_HAL_Driver/Src/stm32f4xx_hal_gpio.o
 .debug_macro   0x0002243d      0x1e8 ./Drivers/STM32F4xx_HAL_Driver/Src/stm32f4xx_hal_rcc.o
 .debug_macro   0x00022625      0x1d3 ./Drivers/STM32F4xx_HAL_Driver/Src/stm32f4xx_hal_spi.o
 .debug_macro   0x000227f8      0x1c5 ./Drivers/STM32F4xx_HAL_Driver/Src/stm32f4xx_hal_uart.o

.debug_line     0x00000000     0xaf3b
 .debug_line    0x00000000     0x15d1 ./Arducam_lib/ArducamCamera.o
 .debug_line    0x000015d1      0x72f ./Core/Src/Stm32Hal.o
 .debug_line    0x00001d00      0x98a ./Core/Src/main.o
 .debug_line    0x0000268a      0x714 ./Core/Src/stm32f4xx_hal_msp.o
 .debug_line    0x00002d9e      0x73c ./Core/Src/stm32f4xx_it.o
 .debug_line    0x000034da      0x6ef ./Core/Src/system_stm32f4xx.o
 .debug_line    0x00003bc9       0x7a ./Core/Startup/startup_stm32f429zitx.o
 .debug_line    0x00003c43      0x99d ./Drivers/STM32F4xx_HAL_Driver/Src/stm32f4xx_hal.o
 .debug_line    0x000045e0      0xc59 ./Drivers/STM32F4xx_HAL_Driver/Src/stm32f4xx_hal_cortex.o
 .debug_line    0x00005239      0xb1b ./Drivers/STM32F4xx_HAL_Driver/Src/stm32f4xx_hal_gpio.o
 .debug_line    0x00005d54      0xcf2 ./Drivers/STM32F4xx_HAL_Driver/Src/stm32f4xx_hal_rcc.o
 .debug_line    0x00006a46     0x1c8b ./Drivers/STM32F4xx_HAL_Driver/Src/stm32f4xx_hal_spi.o
 .debug_line    0x000086d1     0x286a ./Drivers/STM32F4xx_HAL_Driver/Src/stm32f4xx_hal_uart.o

.debug_str      0x00000000    0xd2744
 .debug_str     0x00000000    0xcfd3d ./Arducam_lib/ArducamCamera.o
                              0xcfff6 (size before relaxing)
 .debug_str     0x000cfd3d      0x4b7 ./Core/Src/Stm32Hal.o
                              0xce720 (size before relaxing)
 .debug_str     0x000d01f4      0x4d7 ./Core/Src/main.o
                              0xcf88a (size before relaxing)
 .debug_str     0x000d06cb       0xaa ./Core/Src/stm32f4xx_hal_msp.o
                              0xce8b8 (size before relaxing)
 .debug_str     0x000d0775       0xc9 ./Core/Src/stm32f4xx_it.o
                              0xce13e (size before relaxing)
 .debug_str     0x000d083e       0xdb ./Core/Src/system_stm32f4xx.o
                              0xcd340 (size before relaxing)
 .debug_str     0x000d0919       0x44 ./Core/Startup/startup_stm32f429zitx.o
                                 0x81 (size before relaxing)
 .debug_str     0x000d095d      0xb7f ./Drivers/STM32F4xx_HAL_Driver/Src/stm32f4xx_hal.o
                              0xcdf63 (size before relaxing)
 .debug_str     0x000d14dc      0x392 ./Drivers/STM32F4xx_HAL_Driver/Src/stm32f4xx_hal_cortex.o
                              0xcdc91 (size before relaxing)
 .debug_str     0x000d186e      0x11c ./Drivers/STM32F4xx_HAL_Driver/Src/stm32f4xx_hal_gpio.o
                              0xcd4bb (size before relaxing)
 .debug_str     0x000d198a      0x233 ./Drivers/STM32F4xx_HAL_Driver/Src/stm32f4xx_hal_rcc.o
                              0xcd774 (size before relaxing)
 .debug_str     0x000d1bbd      0x57f ./Drivers/STM32F4xx_HAL_Driver/Src/stm32f4xx_hal_spi.o
                              0xcdbeb (size before relaxing)
 .debug_str     0x000d213c      0x608 ./Drivers/STM32F4xx_HAL_Driver/Src/stm32f4xx_hal_uart.o
                              0xcdd42 (size before relaxing)

.comment        0x00000000       0x43
 .comment       0x00000000       0x43 ./Arducam_lib/ArducamCamera.o
                                 0x44 (size before relaxing)
 .comment       0x00000043       0x44 ./Core/Src/Stm32Hal.o
 .comment       0x00000043       0x44 ./Core/Src/main.o
 .comment       0x00000043       0x44 ./Core/Src/stm32f4xx_hal_msp.o
 .comment       0x00000043       0x44 ./Core/Src/stm32f4xx_it.o
 .comment       0x00000043       0x44 ./Core/Src/system_stm32f4xx.o
 .comment       0x00000043       0x44 ./Drivers/STM32F4xx_HAL_Driver/Src/stm32f4xx_hal.o
 .comment       0x00000043       0x44 ./Drivers/STM32F4xx_HAL_Driver/Src/stm32f4xx_hal_cortex.o
 .comment       0x00000043       0x44 ./Drivers/STM32F4xx_HAL_Driver/Src/stm32f4xx_hal_gpio.o
 .comment       0x00000043       0x44 ./Drivers/STM32F4xx_HAL_Driver/Src/stm32f4xx_hal_rcc.o
 .comment       0x00000043       0x44 ./Drivers/STM32F4xx_HAL_Driver/Src/stm32f4xx_hal_spi.o
 .comment       0x00000043       0x44 ./Drivers/STM32F4xx_HAL_Driver/Src/stm32f4xx_hal_uart.o

.debug_frame    0x00000000     0x305c
 .debug_frame   0x00000000      0xe3c ./Arducam_lib/ArducamCamera.o
 .debug_frame   0x00000e3c       0xe8 ./Core/Src/Stm32Hal.o
 .debug_frame   0x00000f24       0xcc ./Core/Src/main.o
 .debug_frame   0x00000ff0       0xc4 ./Core/Src/stm32f4xx_hal_msp.o
 .debug_frame   0x000010b4      0x104 ./Core/Src/stm32f4xx_it.o
 .debug_frame   0x000011b8       0x58 ./Core/Src/system_stm32f4xx.o
 .debug_frame   0x00001210      0x3b4 ./Drivers/STM32F4xx_HAL_Driver/Src/stm32f4xx_hal.o
 .debug_frame   0x000015c4      0x508 ./Drivers/STM32F4xx_HAL_Driver/Src/stm32f4xx_hal_cortex.o
 .debug_frame   0x00001acc      0x14c ./Drivers/STM32F4xx_HAL_Driver/Src/stm32f4xx_hal_gpio.o
 .debug_frame   0x00001c18      0x1f4 ./Drivers/STM32F4xx_HAL_Driver/Src/stm32f4xx_hal_rcc.o
 .debug_frame   0x00001e0c      0x828 ./Drivers/STM32F4xx_HAL_Driver/Src/stm32f4xx_hal_spi.o
 .debug_frame   0x00002634      0x954 ./Drivers/STM32F4xx_HAL_Driver/Src/stm32f4xx_hal_uart.o
 .debug_frame   0x00002f88       0x20 /opt/st/stm32cubeide_1.15.0/plugins/com.st.stm32cube.ide.mcu.externaltools.gnu-tools-for-stm32.12.3.rel1.linux64_1.0.100.202403111256/tools/bin/../lib/gcc/arm-none-eabi/12.3.1/../../../../arm-none-eabi/lib/thumb/v7e-m+fp/hard/libc_nano.a(libc_a-memset.o)
 .debug_frame   0x00002fa8       0x2c /opt/st/stm32cubeide_1.15.0/plugins/com.st.stm32cube.ide.mcu.externaltools.gnu-tools-for-stm32.12.3.rel1.linux64_1.0.100.202403111256/tools/bin/../lib/gcc/arm-none-eabi/12.3.1/../../../../arm-none-eabi/lib/thumb/v7e-m+fp/hard/libc_nano.a(libc_a-init.o)
 .debug_frame   0x00002fd4       0x28 /opt/st/stm32cubeide_1.15.0/plugins/com.st.stm32cube.ide.mcu.externaltools.gnu-tools-for-stm32.12.3.rel1.linux64_1.0.100.202403111256/tools/bin/../lib/gcc/arm-none-eabi/12.3.1/../../../../arm-none-eabi/lib/thumb/v7e-m+fp/hard/libc_nano.a(libc_a-memcpy-stub.o)
 .debug_frame   0x00002ffc       0x2c /opt/st/stm32cubeide_1.15.0/plugins/com.st.stm32cube.ide.mcu.externaltools.gnu-tools-for-stm32.12.3.rel1.linux64_1.0.100.202403111256/tools/bin/../lib/gcc/arm-none-eabi/12.3.1/thumb/v7e-m+fp/hard/libgcc.a(_aeabi_uldivmod.o)
 .debug_frame   0x00003028       0x34 /opt/st/stm32cubeide_1.15.0/plugins/com.st.stm32cube.ide.mcu.externaltools.gnu-tools-for-stm32.12.3.rel1.linux64_1.0.100.202403111256/tools/bin/../lib/gcc/arm-none-eabi/12.3.1/thumb/v7e-m+fp/hard/libgcc.a(_udivmoddi4.o)

.debug_line_str
                0x00000000       0x65
 .debug_line_str
                0x00000000       0x65 ./Core/Startup/startup_stm32f429zitx.o
