../Arducam_lib/ArducamCamera.c:271:6:updateCameraInfo	16	static
../Arducam_lib/ArducamCamera.c:280:6:cameraInit	16	static
../Arducam_lib/ArducamCamera.c:287:6:cameraGetSensorConfig	32	static
../Arducam_lib/ArducamCamera.c:316:11:cameraBegin	16	static
../Arducam_lib/ArducamCamera.c:337:6:cameraSetCapture	16	static
../Arducam_lib/ArducamCamera.c:351:10:cameraImageAvailable	16	static
../Arducam_lib/ArducamCamera.c:356:11:cameraSetAutoFocus	16	static
../Arducam_lib/ArducamCamera.c:363:9:cameraGetAutoFocusSta	24	static
../Arducam_lib/ArducamCamera.c:382:11:cameraSetManualFocus	24	static
../Arducam_lib/ArducamCamera.c:409:16:legacyMode	16	static
../Arducam_lib/ArducamCamera.c:429:11:cameraTakePicture	16	static
../Arducam_lib/ArducamCamera.c:453:11:cameratakeMultiPictures	16	static
../Arducam_lib/ArducamCamera.c:478:6:cameraRegisterCallback	24	static
../Arducam_lib/ArducamCamera.c:485:11:cameraStartPreview	16	static
../Arducam_lib/ArducamCamera.c:505:6:cameraCaptureThread	24	static
../Arducam_lib/ArducamCamera.c:517:11:cameraStopPreview	16	static
../Arducam_lib/ArducamCamera.c:533:11:cameraSetImageQuality	16	static
../Arducam_lib/ArducamCamera.c:540:11:cameraReset	16	static
../Arducam_lib/ArducamCamera.c:549:11:cameraSetAutoWhiteBalanceMode	16	static
../Arducam_lib/ArducamCamera.c:556:11:cameraSetAutoWhiteBalance	24	static
../Arducam_lib/ArducamCamera.c:574:11:cameraSetAutoISOSensitive	24	static
../Arducam_lib/ArducamCamera.c:592:11:cameraSetISOSensitivity	16	static
../Arducam_lib/ArducamCamera.c:605:11:cameraSetAutoExposure	24	static
../Arducam_lib/ArducamCamera.c:623:11:cameraSetAbsoluteExposure	16	static
../Arducam_lib/ArducamCamera.c:639:11:cameraSetColorEffect	16	static
../Arducam_lib/ArducamCamera.c:645:11:cameraSetSaturation	16	static
../Arducam_lib/ArducamCamera.c:651:11:cameraSetEV	16	static
../Arducam_lib/ArducamCamera.c:658:11:cameraSetContrast	16	static
../Arducam_lib/ArducamCamera.c:664:11:cameraSetSharpness	16	static
../Arducam_lib/ArducamCamera.c:673:11:cameraSetBrightness	16	static
../Arducam_lib/ArducamCamera.c:679:6:cameraFlushFifo	16	static
../Arducam_lib/ArducamCamera.c:684:6:cameraStartCapture	16	static
../Arducam_lib/ArducamCamera.c:689:6:cameraClearFifoFlag	16	static
../Arducam_lib/ArducamCamera.c:694:10:cameraReadFifoLength	32	static
../Arducam_lib/ArducamCamera.c:704:9:cameraGetBit	24	static
../Arducam_lib/ArducamCamera.c:712:6:cameraSetFifoBurst	16	static
../Arducam_lib/ArducamCamera.c:717:9:cameraReadByte	24	static
../Arducam_lib/ArducamCamera.c:729:10:cameraReadBuff	32	static
../Arducam_lib/ArducamCamera.c:759:6:cameraWriteReg	16	static
../Arducam_lib/ArducamCamera.c:764:9:cameraReadReg	24	static
../Arducam_lib/ArducamCamera.c:771:9:cameraBusWrite	24	static
../Arducam_lib/ArducamCamera.c:781:6:cameraCsHigh	16	static
../Arducam_lib/ArducamCamera.c:785:6:cameraCsLow	16	static
../Arducam_lib/ArducamCamera.c:790:9:cameraBusRead	24	static
../Arducam_lib/ArducamCamera.c:801:6:cameraWaitI2cIdle	16	static
../Arducam_lib/ArducamCamera.c:808:9:cameraHeartBeat	16	static
../Arducam_lib/ArducamCamera.c:813:6:cameraDebugWriteRegister	24	static
../Arducam_lib/ArducamCamera.c:823:6:cameraLowPowerOn	32	static
../Arducam_lib/ArducamCamera.c:858:6:cameraLowPowerOff	32	static
../Arducam_lib/ArducamCamera.c:891:11:cameraSetRotation	16	static
../Arducam_lib/ArducamCamera.c:899:11:cameraSetFreezeAE	16	static
../Arducam_lib/ArducamCamera.c:909:11:cameraSetFreezeAWB	16	static
../Arducam_lib/ArducamCamera.c:919:11:reset	16	static
../Arducam_lib/ArducamCamera.c:924:11:begin	16	static
../Arducam_lib/ArducamCamera.c:929:11:takePicture	16	static
../Arducam_lib/ArducamCamera.c:934:11:takeMultiPictures	24	static
../Arducam_lib/ArducamCamera.c:939:11:startPreview	16	static
../Arducam_lib/ArducamCamera.c:944:6:captureThread	16	static
../Arducam_lib/ArducamCamera.c:949:11:stopPreview	16	static
../Arducam_lib/ArducamCamera.c:954:11:setAutoExposure	16	static
../Arducam_lib/ArducamCamera.c:958:11:setAbsoluteExposure	16	static
../Arducam_lib/ArducamCamera.c:962:11:setAutoISOSensitive	16	static
../Arducam_lib/ArducamCamera.c:966:11:setISOSensitivity	16	static
../Arducam_lib/ArducamCamera.c:971:11:setAutoWhiteBalance	16	static
../Arducam_lib/ArducamCamera.c:976:11:setAutoWhiteBalanceMode	16	static
../Arducam_lib/ArducamCamera.c:980:11:setColorEffect	16	static
../Arducam_lib/ArducamCamera.c:985:11:setAutoFocus	16	static
../Arducam_lib/ArducamCamera.c:990:9:getAutoFocusSta	16	static
../Arducam_lib/ArducamCamera.c:995:11:setManualFocus	16	static
../Arducam_lib/ArducamCamera.c:1000:11:setSaturation	16	static
../Arducam_lib/ArducamCamera.c:1005:11:setEV	16	static
../Arducam_lib/ArducamCamera.c:1010:11:setContrast	16	static
../Arducam_lib/ArducamCamera.c:1015:11:setBrightness	16	static
../Arducam_lib/ArducamCamera.c:1020:11:setSharpness	16	static
../Arducam_lib/ArducamCamera.c:1025:10:readBuff	24	static
../Arducam_lib/ArducamCamera.c:1030:9:readByte	16	static
../Arducam_lib/ArducamCamera.c:1035:6:debugWriteRegister	16	static
../Arducam_lib/ArducamCamera.c:1040:6:registerCallback	32	static
../Arducam_lib/ArducamCamera.c:1045:6:lowPowerOn	16	static
../Arducam_lib/ArducamCamera.c:1049:6:lowPowerOff	16	static
../Arducam_lib/ArducamCamera.c:1054:6:csHigh	16	static
../Arducam_lib/ArducamCamera.c:1058:6:csLow	16	static
../Arducam_lib/ArducamCamera.c:1063:6:writeReg	16	static
../Arducam_lib/ArducamCamera.c:1068:9:readReg	16	static
../Arducam_lib/ArducamCamera.c:1073:9:busRead	16	static
../Arducam_lib/ArducamCamera.c:1078:9:busWrite	24	static
../Arducam_lib/ArducamCamera.c:1083:6:startCapture	16	static
../Arducam_lib/ArducamCamera.c:1087:6:clearFifoFlag	16	static
../Arducam_lib/ArducamCamera.c:1091:10:readFifoLength	16	static
../Arducam_lib/ArducamCamera.c:1095:9:getBit	16	static
../Arducam_lib/ArducamCamera.c:1099:6:setFifoBurst	16	static
../Arducam_lib/ArducamCamera.c:1103:6:setCapture	16	static
../Arducam_lib/ArducamCamera.c:1107:6:waitI2cIdle	16	static
../Arducam_lib/ArducamCamera.c:1112:10:imageAvailable	16	static
../Arducam_lib/ArducamCamera.c:1117:6:flushFifo	16	static
../Arducam_lib/ArducamCamera.c:1121:11:setImageQuality	16	static
../Arducam_lib/ArducamCamera.c:1125:11:setRotation	16	static
../Arducam_lib/ArducamCamera.c:1130:11:setFreezeAE	16	static
../Arducam_lib/ArducamCamera.c:1135:11:setFreezeAWB	16	static
../Arducam_lib/ArducamCamera.c:1190:15:createArducamCamera	96	static
